// Vitest Snapshot v1, https://vitest.dev/guide/snapshot.html

exports[`components / app / AppToasts > should match the snapshot 1`] = `
<DocumentFragment>
  <div
    class="toast-container position-fixed bottom-0 end-0 p-3"
  >
    <div
      aria-atomic="true"
      aria-live="assertive"
      class="toast fade show showing"
      data-testid="toast-foo"
      role="alert"
    >
      <div
        class="toast-header  bg-opacity-25 bg-warning text-warning"
        data-testid="toast-foo-header"
      >
        <svg
          aria-hidden="true"
          class="svg-inline--fa fa-triangle-exclamation flex-shrink-0 me-2"
          data-icon="triangle-exclamation"
          data-prefix="fas"
          data-testid="toast-foo-icon"
          focusable="false"
          role="img"
          viewBox="0 0 512 512"
          xmlns="http://www.w3.org/2000/svg"
        >
          <path
            d="M256 32c14.2 0 27.3 7.5 34.5 19.8l216 368c7.3 12.4 7.3 27.7 .2 40.1S486.3 480 472 480H40c-14.3 0-27.6-7.7-34.7-20.1s-7-27.8 .2-40.1l216-368C228.7 39.5 241.8 32 256 32zm0 128c-13.3 0-24 10.7-24 24V296c0 13.3 10.7 24 24 24s24-10.7 24-24V184c0-13.3-10.7-24-24-24zm32 224a32 32 0 1 0 -64 0 32 32 0 1 0 64 0z"
            fill="currentColor"
          />
        </svg>
        <strong
          class="me-auto"
          data-testid="toast-foo-header-text"
        >
          Warning
        </strong>
        <button
          aria-label="Close"
          class="btn-close"
          data-bs-dismiss="toast"
          data-testid="toast-foo-close"
          type="button"
        />
      </div>
      <div
        class="toast-body"
        data-testid="toast-foo-body"
      >
        batten down the hatches
      </div>
    </div>
  </div>
</DocumentFragment>
`;
