// Vitest Snapshot v1, https://vitest.dev/guide/snapshot.html

exports[`components / app / AppToasts / Toast > should match the snapshot 1`] = `
<DocumentFragment>
  <div
    aria-atomic="true"
    aria-live="assertive"
    class="toast fade show showing"
    data-testid="toast-foo"
    role="alert"
  >
    <div
      class="toast-header  bg-opacity-25 bg-danger text-danger"
      data-testid="toast-foo-header"
    >
      <svg
        aria-hidden="true"
        class="svg-inline--fa fa-circle-xmark flex-shrink-0 me-2"
        data-icon="circle-xmark"
        data-prefix="fas"
        data-testid="toast-foo-icon"
        focusable="false"
        role="img"
        viewBox="0 0 512 512"
        xmlns="http://www.w3.org/2000/svg"
      >
        <path
          d="M256 512A256 256 0 1 0 256 0a256 256 0 1 0 0 512zM175 175c9.4-9.4 24.6-9.4 33.9 0l47 47 47-47c9.4-9.4 24.6-9.4 33.9 0s9.4 24.6 0 33.9l-47 47 47 47c9.4 9.4 9.4 24.6 0 33.9s-24.6 9.4-33.9 0l-47-47-47 47c-9.4 9.4-24.6 9.4-33.9 0s-9.4-24.6 0-33.9l47-47-47-47c-9.4-9.4-9.4-24.6 0-33.9z"
          fill="currentColor"
        />
      </svg>
      <strong
        class="me-auto"
        data-testid="toast-foo-header-text"
      >
        Error
      </strong>
      <button
        aria-label="Close"
        class="btn-close"
        data-bs-dismiss="toast"
        data-testid="toast-foo-close"
        type="button"
      />
    </div>
    <div
      class="toast-body"
      data-testid="toast-foo-body"
    >
      you broke something
    </div>
  </div>
</DocumentFragment>
`;
