// Vitest Snapshot v1, https://vitest.dev/guide/snapshot.html

exports[`components / app / AppAlerts / Alert > should match the snapshot 1`] = `
<DocumentFragment>
  <div
    class="alert alert-danger alert-dismissible fade show d-flex align-items-center"
    data-testid="alert-foo"
    role="alert"
  >
    <svg
      aria-hidden="true"
      class="svg-inline--fa fa-circle-xmark flex-shrink-0 me-2"
      data-icon="circle-xmark"
      data-prefix="fas"
      data-testid="alert-foo-icon"
      focusable="false"
      role="img"
      viewBox="0 0 512 512"
      xmlns="http://www.w3.org/2000/svg"
    >
      <path
        d="M256 512A256 256 0 1 0 256 0a256 256 0 1 0 0 512zM175 175c9.4-9.4 24.6-9.4 33.9 0l47 47 47-47c9.4-9.4 24.6-9.4 33.9 0s9.4 24.6 0 33.9l-47 47 47 47c9.4 9.4 9.4 24.6 0 33.9s-24.6 9.4-33.9 0l-47-47-47 47c-9.4 9.4-24.6 9.4-33.9 0s-9.4-24.6 0-33.9l47-47-47-47c-9.4-9.4-9.4-24.6 0-33.9z"
        fill="currentColor"
      />
    </svg>
    <div>
      <h5
        class="mb-0"
        data-testid="alert-foo-title"
      >
        naughty dev
      </h5>
      <span
        data-testid="alert-foo-text"
      >
        you broke something
      </span>
    </div>
    <button
      aria-label="Close"
      class="btn-close"
      data-bs-dismiss="alert"
      data-testid="alert-foo-close"
      type="button"
    />
  </div>
</DocumentFragment>
`;
